{
  "dogImageUrl": "https://example.com/dog-image.jpg",
  "dogImageUrl1": "",
  "dogImageUrl3": 0
}
