{
  "dogs": [
    {
      "dogFullName": "Breed1",
      "dogBreedName": "breed1",
      "dogSubBreedName": "sub1"
    },
    {
      "dogFullName": "Breed2",
      "dogBreedName": "breed2",
      "dogSubBreedName": "sub1"
    }
  ]
}
